<searchClause>
  <index>and</index>
  <relation>
    <value>b</value>
  </relation>
  <term>c</term>
</searchClause>
