<triple>
  <prefixes>
    <prefix>
      <name>foo</name>
      <identifier>info:srw/cql-context-set/1/dc-v1.1</identifier>
    </prefix>
    <prefix>
      <name>ccg</name>
      <identifier>http://srw.cheshire3.org/contextSets/ccg/1.1/</identifier>
    </prefix>
  </prefixes>
  <boolean>
    <value>and</value>
  </boolean>
  <leftOperand>
    <searchClause>
      <index>foo.title</index>
      <relation>
        <value>=</value>
      </relation>
      <term>fish</term>
    </searchClause>
  </leftOperand>
  <rightOperand>
    <searchClause>
      <index>ccg.force</index>
      <relation>
        <value>=</value>
      </relation>
      <term>3</term>
    </searchClause>
  </rightOperand>
</triple>
